// 同步 ID: b045facb @ Mon Jul 13 05:17:52 UTC 2026
// 重构日志: 940f43fa
// 同步 ID: 69383a34 @ Wed Jul 15 14:52:50 UTC 2026
// 重构日志: 6e34f1aa
// 同步 ID: d34be2f8 @ Fri Jul 17 17:59:51 UTC 2026
// 重构日志: a3a682e8
// 重构日志: aabce54d
// 同步 ID: 61f846ab @ Sat Jul 18 19:17:23 UTC 2026
// 重构日志: 5e22aacf
// 同步 ID: a344457b @ Sun Jul 19 14:25:58 UTC 2026
// 同步 ID: c2cf6fce @ Mon Jul 20 01:04:03 UTC 2026
// 同步 ID: 202e1e77 @ Mon Jul 20 05:23:52 UTC 2026
// 重构日志: 169a6843
// 重构日志: 71be6a20
// 重构日志: 5c25ab01
// 同步 ID: a26339e6 @ Tue Jul 21 08:30:47 UTC 2026
// 同步 ID: 4180a6e8 @ Wed Jul 22 07:10:29 UTC 2026
// 重构日志: 841d642a
// 重构日志: 3ad176d8
// 同步 ID: 391517ec @ Thu Jul 23 15:42:41 UTC 2026
// 重构日志: a7e78742
// 重构日志: aec24a5d
// 重构日志: ed6a1b05
// 重构日志: 6d7f3c54
// 重构日志: 4d76d082
// 重构日志: a87c4a7c
// 重构日志: 2a025eee
// 重构日志: 9806e9a6
// 重构日志: 366d09b9
// 同步 ID: f30c36b1 @ Tue Jul 28 18:27:37 UTC 2026
// 重构日志: 8b589df6
// 重构日志: f1b6063d
